Archive member included because of file (symbol)

c:/program files (x86)/atmel/atmel toolchain/avr8 gcc/native/3.4.1061/avr8-gnu-toolchain/bin/../lib/gcc/avr/4.8.1/../../../../avr/lib/avr5\libm.a(fixunssfsi.o)
                              main.o (__fixunssfsi)
c:/program files (x86)/atmel/atmel toolchain/avr8 gcc/native/3.4.1061/avr8-gnu-toolchain/bin/../lib/gcc/avr/4.8.1/../../../../avr/lib/avr5\libm.a(floatsisf.o)
                              main.o (__floatunsisf)
c:/program files (x86)/atmel/atmel toolchain/avr8 gcc/native/3.4.1061/avr8-gnu-toolchain/bin/../lib/gcc/avr/4.8.1/../../../../avr/lib/avr5\libm.a(fp_split3.o)
                              c:/program files (x86)/atmel/atmel toolchain/avr8 gcc/native/3.4.1061/avr8-gnu-toolchain/bin/../lib/gcc/avr/4.8.1/../../../../avr/lib/avr5\libm.a(fixunssfsi.o) (__fp_splitA)
c:/program files (x86)/atmel/atmel toolchain/avr8 gcc/native/3.4.1061/avr8-gnu-toolchain/bin/../lib/gcc/avr/4.8.1/../../../../avr/lib/avr5\libm.a(fp_zero.o)
                              c:/program files (x86)/atmel/atmel toolchain/avr8 gcc/native/3.4.1061/avr8-gnu-toolchain/bin/../lib/gcc/avr/4.8.1/../../../../avr/lib/avr5\libm.a(fixunssfsi.o) (__fp_zero)
c:/program files (x86)/atmel/atmel toolchain/avr8 gcc/native/3.4.1061/avr8-gnu-toolchain/bin/../lib/gcc/avr/4.8.1/../../../../avr/lib/avr5\libm.a(mulsf3.o)
                              main.o (__mulsf3)
c:/program files (x86)/atmel/atmel toolchain/avr8 gcc/native/3.4.1061/avr8-gnu-toolchain/bin/../lib/gcc/avr/4.8.1/../../../../avr/lib/avr5\libm.a(mulsf3x.o)
                              c:/program files (x86)/atmel/atmel toolchain/avr8 gcc/native/3.4.1061/avr8-gnu-toolchain/bin/../lib/gcc/avr/4.8.1/../../../../avr/lib/avr5\libm.a(mulsf3.o) (__mulsf3x)
c:/program files (x86)/atmel/atmel toolchain/avr8 gcc/native/3.4.1061/avr8-gnu-toolchain/bin/../lib/gcc/avr/4.8.1/../../../../avr/lib/avr5\libm.a(fp_inf.o)
                              c:/program files (x86)/atmel/atmel toolchain/avr8 gcc/native/3.4.1061/avr8-gnu-toolchain/bin/../lib/gcc/avr/4.8.1/../../../../avr/lib/avr5\libm.a(mulsf3x.o) (__fp_inf)
c:/program files (x86)/atmel/atmel toolchain/avr8 gcc/native/3.4.1061/avr8-gnu-toolchain/bin/../lib/gcc/avr/4.8.1/../../../../avr/lib/avr5\libm.a(fp_nan.o)
                              c:/program files (x86)/atmel/atmel toolchain/avr8 gcc/native/3.4.1061/avr8-gnu-toolchain/bin/../lib/gcc/avr/4.8.1/../../../../avr/lib/avr5\libm.a(mulsf3x.o) (__fp_nan)
c:/program files (x86)/atmel/atmel toolchain/avr8 gcc/native/3.4.1061/avr8-gnu-toolchain/bin/../lib/gcc/avr/4.8.1/../../../../avr/lib/avr5\libm.a(fp_pscA.o)
                              c:/program files (x86)/atmel/atmel toolchain/avr8 gcc/native/3.4.1061/avr8-gnu-toolchain/bin/../lib/gcc/avr/4.8.1/../../../../avr/lib/avr5\libm.a(mulsf3x.o) (__fp_pscA)
c:/program files (x86)/atmel/atmel toolchain/avr8 gcc/native/3.4.1061/avr8-gnu-toolchain/bin/../lib/gcc/avr/4.8.1/../../../../avr/lib/avr5\libm.a(fp_pscB.o)
                              c:/program files (x86)/atmel/atmel toolchain/avr8 gcc/native/3.4.1061/avr8-gnu-toolchain/bin/../lib/gcc/avr/4.8.1/../../../../avr/lib/avr5\libm.a(mulsf3x.o) (__fp_pscB)
c:/program files (x86)/atmel/atmel toolchain/avr8 gcc/native/3.4.1061/avr8-gnu-toolchain/bin/../lib/gcc/avr/4.8.1/../../../../avr/lib/avr5\libm.a(fp_round.o)
                              c:/program files (x86)/atmel/atmel toolchain/avr8 gcc/native/3.4.1061/avr8-gnu-toolchain/bin/../lib/gcc/avr/4.8.1/../../../../avr/lib/avr5\libm.a(mulsf3.o) (__fp_round)
c:/program files (x86)/atmel/atmel toolchain/avr8 gcc/native/3.4.1061/avr8-gnu-toolchain/bin/../lib/gcc/avr/4.8.1/avr5\libgcc.a(_udivmodsi4.o)
                              main.o (__udivmodsi4)
c:/program files (x86)/atmel/atmel toolchain/avr8 gcc/native/3.4.1061/avr8-gnu-toolchain/bin/../lib/gcc/avr/4.8.1/avr5\libgcc.a(_exit.o)
                              c:/program files (x86)/atmel/atmel toolchain/avr8 gcc/native/3.4.1061/avr8-gnu-toolchain/bin/../lib/gcc/avr/4.8.1/../../../../avr/lib/avr5/crtm640.o (exit)
c:/program files (x86)/atmel/atmel toolchain/avr8 gcc/native/3.4.1061/avr8-gnu-toolchain/bin/../lib/gcc/avr/4.8.1/avr5\libgcc.a(_copy_data.o)
                              main.o (__do_copy_data)
c:/program files (x86)/atmel/atmel toolchain/avr8 gcc/native/3.4.1061/avr8-gnu-toolchain/bin/../lib/gcc/avr/4.8.1/avr5\libgcc.a(_clear_bss.o)
                              main.o (__do_clear_bss)
c:/program files (x86)/atmel/atmel toolchain/avr8 gcc/native/3.4.1061/avr8-gnu-toolchain/bin/../lib/gcc/avr/4.8.1/../../../../avr/lib/avr5\libc.a(memcpy.o)
                              RTOS/Source/queue.o (memcpy)

Allocating common symbols
Common symbol       size              file

sysBoxLeadEdge      0x4               main.o
i                   0x1               main.o
flHolder            0x4               main.o
sysBoxTimeLength    0x4               main.o

Discarded input sections

 .data          0x00000000        0x0 c:/program files (x86)/atmel/atmel toolchain/avr8 gcc/native/3.4.1061/avr8-gnu-toolchain/bin/../lib/gcc/avr/4.8.1/../../../../avr/lib/avr5/crtm640.o
 .bss           0x00000000        0x0 c:/program files (x86)/atmel/atmel toolchain/avr8 gcc/native/3.4.1061/avr8-gnu-toolchain/bin/../lib/gcc/avr/4.8.1/../../../../avr/lib/avr5/crtm640.o
 .text          0x00000000        0x0 main.o
 .data          0x00000000        0x0 main.o
 .bss           0x00000000        0x0 main.o
 .bss.inSystemBoxes
                0x00000000        0x1 main.o
 .bss.flagEOB   0x00000000        0x1 main.o
 .text.prvIncrementResetCount
                0x00000000        0xe main.o
 .text.USART_SendByte
                0x00000000       0x34 main.o
 .text          0x00000000        0x0 Routines/Blinker.o
 .data          0x00000000        0x0 Routines/Blinker.o
 .bss           0x00000000        0x0 Routines/Blinker.o
 .text          0x00000000        0x0 RTOS/Source/list.o
 .data          0x00000000        0x0 RTOS/Source/list.o
 .bss           0x00000000        0x0 RTOS/Source/list.o
 .text          0x00000000        0x0 RTOS/Source/Portable/MemMang/heap_1.o
 .data          0x00000000        0x0 RTOS/Source/Portable/MemMang/heap_1.o
 .bss           0x00000000        0x0 RTOS/Source/Portable/MemMang/heap_1.o
 .text.vPortInitialiseBlocks
                0x00000000       0x16 RTOS/Source/Portable/MemMang/heap_1.o
 .text.xPortGetFreeHeapSize
                0x00000000       0x22 RTOS/Source/Portable/MemMang/heap_1.o
 .text          0x00000000        0x0 RTOS/Source/Portable/port.o
 .data          0x00000000        0x0 RTOS/Source/Portable/port.o
 .bss           0x00000000        0x0 RTOS/Source/Portable/port.o
 .text.vPortEndScheduler
                0x00000000        0xe RTOS/Source/Portable/port.o
 .text          0x00000000        0x0 RTOS/Source/queue.o
 .data          0x00000000        0x0 RTOS/Source/queue.o
 .bss           0x00000000        0x0 RTOS/Source/queue.o
 .text.xQueueGenericReset
                0x00000000      0x124 RTOS/Source/queue.o
 .text.xQueueGenericCreate
                0x00000000       0xce RTOS/Source/queue.o
 .text.xQueueGenericSend
                0x00000000      0x17e RTOS/Source/queue.o
 .text.xQueueGenericSendFromISR
                0x00000000       0xc0 RTOS/Source/queue.o
 .text.xQueueGiveFromISR
                0x00000000       0xb8 RTOS/Source/queue.o
 .text.xQueueGenericReceive
                0x00000000      0x1b8 RTOS/Source/queue.o
 .text.xQueueReceiveFromISR
                0x00000000       0xc2 RTOS/Source/queue.o
 .text.xQueuePeekFromISR
                0x00000000       0x78 RTOS/Source/queue.o
 .text.uxQueueMessagesWaiting
                0x00000000       0x32 RTOS/Source/queue.o
 .text.uxQueueSpacesAvailable
                0x00000000       0x4e RTOS/Source/queue.o
 .text.uxQueueMessagesWaitingFromISR
                0x00000000       0x28 RTOS/Source/queue.o
 .text.vQueueDelete
                0x00000000       0x2e RTOS/Source/queue.o
 .text.prvCopyDataToQueue
                0x00000000      0x180 RTOS/Source/queue.o
 .text.prvCopyDataFromQueue
                0x00000000       0xa0 RTOS/Source/queue.o
 .text.prvUnlockQueue
                0x00000000       0xc8 RTOS/Source/queue.o
 .text.prvIsQueueEmpty
                0x00000000       0x3c RTOS/Source/queue.o
 .text.xQueueIsQueueEmptyFromISR
                0x00000000       0x32 RTOS/Source/queue.o
 .text.prvIsQueueFull
                0x00000000       0x44 RTOS/Source/queue.o
 .text.xQueueIsQueueFullFromISR
                0x00000000       0x3a RTOS/Source/queue.o
 .debug_info    0x00000000      0x9bd RTOS/Source/queue.o
 .debug_abbrev  0x00000000      0x179 RTOS/Source/queue.o
 .debug_loc     0x00000000      0x56b RTOS/Source/queue.o
 .debug_aranges
                0x00000000       0xb0 RTOS/Source/queue.o
 .debug_ranges  0x00000000       0xa0 RTOS/Source/queue.o
 .debug_line    0x00000000      0x466 RTOS/Source/queue.o
 .debug_str     0x00000000      0x604 RTOS/Source/queue.o
 .comment       0x00000000       0x31 RTOS/Source/queue.o
 .debug_frame   0x00000000      0x284 RTOS/Source/queue.o
 .text          0x00000000        0x0 RTOS/Source/tasks.o
 .data          0x00000000        0x0 RTOS/Source/tasks.o
 .bss           0x00000000        0x0 RTOS/Source/tasks.o
 .text.vTaskDelete
                0x00000000       0xb6 RTOS/Source/tasks.o
 .text.vTaskDelayUntil
                0x00000000      0x15e RTOS/Source/tasks.o
 .text.vTaskEndScheduler
                0x00000000       0x18 RTOS/Source/tasks.o
 .text.xTaskGetTickCount
                0x00000000       0x48 RTOS/Source/tasks.o
 .text.xTaskGetTickCountFromISR
                0x00000000       0x44 RTOS/Source/tasks.o
 .text.uxTaskGetNumberOfTasks
                0x00000000       0x12 RTOS/Source/tasks.o
 .text.vTaskPlaceOnEventList
                0x00000000       0x90 RTOS/Source/tasks.o
 .text.vTaskPlaceOnUnorderedEventList
                0x00000000       0xbc RTOS/Source/tasks.o
 .text.xTaskRemoveFromEventList
                0x00000000       0xd4 RTOS/Source/tasks.o
 .text.xTaskRemoveFromUnorderedEventList
                0x00000000       0xda RTOS/Source/tasks.o
 .text.vTaskSetTimeOutState
                0x00000000       0x42 RTOS/Source/tasks.o
 .text.xTaskCheckForTimeOut
                0x00000000      0x138 RTOS/Source/tasks.o
 .text.vTaskMissedYield
                0x00000000       0x14 RTOS/Source/tasks.o
 .text.uxTaskResetEventItemValue
                0x00000000       0x8e RTOS/Source/tasks.o
 .text.ulTaskNotifyTake
                0x00000000      0x144 RTOS/Source/tasks.o
 .text.xTaskNotifyWait
                0x00000000      0x19e RTOS/Source/tasks.o
 .text.xTaskNotify
                0x00000000      0x190 RTOS/Source/tasks.o
 .text.xTaskNotifyFromISR
                0x00000000      0x1be RTOS/Source/tasks.o
 .text.vTaskNotifyGiveFromISR
                0x00000000      0x10c RTOS/Source/tasks.o
 .text          0x00000000        0x0 RTOS/Source/timers.o
 .data          0x00000000        0x0 RTOS/Source/timers.o
 .bss           0x00000000        0x0 RTOS/Source/timers.o
 .debug_info    0x00000000       0x64 RTOS/Source/timers.o
 .debug_abbrev  0x00000000       0x26 RTOS/Source/timers.o
 .debug_aranges
                0x00000000       0x18 RTOS/Source/timers.o
 .debug_line    0x00000000       0x1a RTOS/Source/timers.o
 .debug_str     0x00000000      0x18b RTOS/Source/timers.o
 .comment       0x00000000       0x31 RTOS/Source/timers.o
 .text          0x00000000        0x0 c:/program files (x86)/atmel/atmel toolchain/avr8 gcc/native/3.4.1061/avr8-gnu-toolchain/bin/../lib/gcc/avr/4.8.1/../../../../avr/lib/avr5\libm.a(fixunssfsi.o)
 .data          0x00000000        0x0 c:/program files (x86)/atmel/atmel toolchain/avr8 gcc/native/3.4.1061/avr8-gnu-toolchain/bin/../lib/gcc/avr/4.8.1/../../../../avr/lib/avr5\libm.a(fixunssfsi.o)
 .bss           0x00000000        0x0 c:/program files (x86)/atmel/atmel toolchain/avr8 gcc/native/3.4.1061/avr8-gnu-toolchain/bin/../lib/gcc/avr/4.8.1/../../../../avr/lib/avr5\libm.a(fixunssfsi.o)
 .text          0x00000000        0x0 c:/program files (x86)/atmel/atmel toolchain/avr8 gcc/native/3.4.1061/avr8-gnu-toolchain/bin/../lib/gcc/avr/4.8.1/../../../../avr/lib/avr5\libm.a(floatsisf.o)
 .data          0x00000000        0x0 c:/program files (x86)/atmel/atmel toolchain/avr8 gcc/native/3.4.1061/avr8-gnu-toolchain/bin/../lib/gcc/avr/4.8.1/../../../../avr/lib/avr5\libm.a(floatsisf.o)
 .bss           0x00000000        0x0 c:/program files (x86)/atmel/atmel toolchain/avr8 gcc/native/3.4.1061/avr8-gnu-toolchain/bin/../lib/gcc/avr/4.8.1/../../../../avr/lib/avr5\libm.a(floatsisf.o)
 .text          0x00000000        0x0 c:/program files (x86)/atmel/atmel toolchain/avr8 gcc/native/3.4.1061/avr8-gnu-toolchain/bin/../lib/gcc/avr/4.8.1/../../../../avr/lib/avr5\libm.a(fp_split3.o)
 .data          0x00000000        0x0 c:/program files (x86)/atmel/atmel toolchain/avr8 gcc/native/3.4.1061/avr8-gnu-toolchain/bin/../lib/gcc/avr/4.8.1/../../../../avr/lib/avr5\libm.a(fp_split3.o)
 .bss           0x00000000        0x0 c:/program files (x86)/atmel/atmel toolchain/avr8 gcc/native/3.4.1061/avr8-gnu-toolchain/bin/../lib/gcc/avr/4.8.1/../../../../avr/lib/avr5\libm.a(fp_split3.o)
 .text          0x00000000        0x0 c:/program files (x86)/atmel/atmel toolchain/avr8 gcc/native/3.4.1061/avr8-gnu-toolchain/bin/../lib/gcc/avr/4.8.1/../../../../avr/lib/avr5\libm.a(fp_zero.o)
 .data          0x00000000        0x0 c:/program files (x86)/atmel/atmel toolchain/avr8 gcc/native/3.4.1061/avr8-gnu-toolchain/bin/../lib/gcc/avr/4.8.1/../../../../avr/lib/avr5\libm.a(fp_zero.o)
 .bss           0x00000000        0x0 c:/program files (x86)/atmel/atmel toolchain/avr8 gcc/native/3.4.1061/avr8-gnu-toolchain/bin/../lib/gcc/avr/4.8.1/../../../../avr/lib/avr5\libm.a(fp_zero.o)
 .text          0x00000000        0x0 c:/program files (x86)/atmel/atmel toolchain/avr8 gcc/native/3.4.1061/avr8-gnu-toolchain/bin/../lib/gcc/avr/4.8.1/../../../../avr/lib/avr5\libm.a(mulsf3.o)
 .data          0x00000000        0x0 c:/program files (x86)/atmel/atmel toolchain/avr8 gcc/native/3.4.1061/avr8-gnu-toolchain/bin/../lib/gcc/avr/4.8.1/../../../../avr/lib/avr5\libm.a(mulsf3.o)
 .bss           0x00000000        0x0 c:/program files (x86)/atmel/atmel toolchain/avr8 gcc/native/3.4.1061/avr8-gnu-toolchain/bin/../lib/gcc/avr/4.8.1/../../../../avr/lib/avr5\libm.a(mulsf3.o)
 .text          0x00000000        0x0 c:/program files (x86)/atmel/atmel toolchain/avr8 gcc/native/3.4.1061/avr8-gnu-toolchain/bin/../lib/gcc/avr/4.8.1/../../../../avr/lib/avr5\libm.a(mulsf3x.o)
 .data          0x00000000        0x0 c:/program files (x86)/atmel/atmel toolchain/avr8 gcc/native/3.4.1061/avr8-gnu-toolchain/bin/../lib/gcc/avr/4.8.1/../../../../avr/lib/avr5\libm.a(mulsf3x.o)
 .bss           0x00000000        0x0 c:/program files (x86)/atmel/atmel toolchain/avr8 gcc/native/3.4.1061/avr8-gnu-toolchain/bin/../lib/gcc/avr/4.8.1/../../../../avr/lib/avr5\libm.a(mulsf3x.o)
 .text          0x00000000        0x0 c:/program files (x86)/atmel/atmel toolchain/avr8 gcc/native/3.4.1061/avr8-gnu-toolchain/bin/../lib/gcc/avr/4.8.1/../../../../avr/lib/avr5\libm.a(fp_inf.o)
 .data          0x00000000        0x0 c:/program files (x86)/atmel/atmel toolchain/avr8 gcc/native/3.4.1061/avr8-gnu-toolchain/bin/../lib/gcc/avr/4.8.1/../../../../avr/lib/avr5\libm.a(fp_inf.o)
 .bss           0x00000000        0x0 c:/program files (x86)/atmel/atmel toolchain/avr8 gcc/native/3.4.1061/avr8-gnu-toolchain/bin/../lib/gcc/avr/4.8.1/../../../../avr/lib/avr5\libm.a(fp_inf.o)
 .text          0x00000000        0x0 c:/program files (x86)/atmel/atmel toolchain/avr8 gcc/native/3.4.1061/avr8-gnu-toolchain/bin/../lib/gcc/avr/4.8.1/../../../../avr/lib/avr5\libm.a(fp_nan.o)
 .data          0x00000000        0x0 c:/program files (x86)/atmel/atmel toolchain/avr8 gcc/native/3.4.1061/avr8-gnu-toolchain/bin/../lib/gcc/avr/4.8.1/../../../../avr/lib/avr5\libm.a(fp_nan.o)
 .bss           0x00000000        0x0 c:/program files (x86)/atmel/atmel toolchain/avr8 gcc/native/3.4.1061/avr8-gnu-toolchain/bin/../lib/gcc/avr/4.8.1/../../../../avr/lib/avr5\libm.a(fp_nan.o)
 .text          0x00000000        0x0 c:/program files (x86)/atmel/atmel toolchain/avr8 gcc/native/3.4.1061/avr8-gnu-toolchain/bin/../lib/gcc/avr/4.8.1/../../../../avr/lib/avr5\libm.a(fp_pscA.o)
 .data          0x00000000        0x0 c:/program files (x86)/atmel/atmel toolchain/avr8 gcc/native/3.4.1061/avr8-gnu-toolchain/bin/../lib/gcc/avr/4.8.1/../../../../avr/lib/avr5\libm.a(fp_pscA.o)
 .bss           0x00000000        0x0 c:/program files (x86)/atmel/atmel toolchain/avr8 gcc/native/3.4.1061/avr8-gnu-toolchain/bin/../lib/gcc/avr/4.8.1/../../../../avr/lib/avr5\libm.a(fp_pscA.o)
 .text          0x00000000        0x0 c:/program files (x86)/atmel/atmel toolchain/avr8 gcc/native/3.4.1061/avr8-gnu-toolchain/bin/../lib/gcc/avr/4.8.1/../../../../avr/lib/avr5\libm.a(fp_pscB.o)
 .data          0x00000000        0x0 c:/program files (x86)/atmel/atmel toolchain/avr8 gcc/native/3.4.1061/avr8-gnu-toolchain/bin/../lib/gcc/avr/4.8.1/../../../../avr/lib/avr5\libm.a(fp_pscB.o)
 .bss           0x00000000        0x0 c:/program files (x86)/atmel/atmel toolchain/avr8 gcc/native/3.4.1061/avr8-gnu-toolchain/bin/../lib/gcc/avr/4.8.1/../../../../avr/lib/avr5\libm.a(fp_pscB.o)
 .text          0x00000000        0x0 c:/program files (x86)/atmel/atmel toolchain/avr8 gcc/native/3.4.1061/avr8-gnu-toolchain/bin/../lib/gcc/avr/4.8.1/../../../../avr/lib/avr5\libm.a(fp_round.o)
 .data          0x00000000        0x0 c:/program files (x86)/atmel/atmel toolchain/avr8 gcc/native/3.4.1061/avr8-gnu-toolchain/bin/../lib/gcc/avr/4.8.1/../../../../avr/lib/avr5\libm.a(fp_round.o)
 .bss           0x00000000        0x0 c:/program files (x86)/atmel/atmel toolchain/avr8 gcc/native/3.4.1061/avr8-gnu-toolchain/bin/../lib/gcc/avr/4.8.1/../../../../avr/lib/avr5\libm.a(fp_round.o)
 .text          0x00000000        0x0 c:/program files (x86)/atmel/atmel toolchain/avr8 gcc/native/3.4.1061/avr8-gnu-toolchain/bin/../lib/gcc/avr/4.8.1/avr5\libgcc.a(_udivmodsi4.o)
 .data          0x00000000        0x0 c:/program files (x86)/atmel/atmel toolchain/avr8 gcc/native/3.4.1061/avr8-gnu-toolchain/bin/../lib/gcc/avr/4.8.1/avr5\libgcc.a(_udivmodsi4.o)
 .bss           0x00000000        0x0 c:/program files (x86)/atmel/atmel toolchain/avr8 gcc/native/3.4.1061/avr8-gnu-toolchain/bin/../lib/gcc/avr/4.8.1/avr5\libgcc.a(_udivmodsi4.o)
 .text.libgcc.mul
                0x00000000        0x0 c:/program files (x86)/atmel/atmel toolchain/avr8 gcc/native/3.4.1061/avr8-gnu-toolchain/bin/../lib/gcc/avr/4.8.1/avr5\libgcc.a(_udivmodsi4.o)
 .text.libgcc   0x00000000        0x0 c:/program files (x86)/atmel/atmel toolchain/avr8 gcc/native/3.4.1061/avr8-gnu-toolchain/bin/../lib/gcc/avr/4.8.1/avr5\libgcc.a(_udivmodsi4.o)
 .text.libgcc.prologue
                0x00000000        0x0 c:/program files (x86)/atmel/atmel toolchain/avr8 gcc/native/3.4.1061/avr8-gnu-toolchain/bin/../lib/gcc/avr/4.8.1/avr5\libgcc.a(_udivmodsi4.o)
 .text.libgcc.builtins
                0x00000000        0x0 c:/program files (x86)/atmel/atmel toolchain/avr8 gcc/native/3.4.1061/avr8-gnu-toolchain/bin/../lib/gcc/avr/4.8.1/avr5\libgcc.a(_udivmodsi4.o)
 .text.libgcc.fmul
                0x00000000        0x0 c:/program files (x86)/atmel/atmel toolchain/avr8 gcc/native/3.4.1061/avr8-gnu-toolchain/bin/../lib/gcc/avr/4.8.1/avr5\libgcc.a(_udivmodsi4.o)
 .text.libgcc.fixed
                0x00000000        0x0 c:/program files (x86)/atmel/atmel toolchain/avr8 gcc/native/3.4.1061/avr8-gnu-toolchain/bin/../lib/gcc/avr/4.8.1/avr5\libgcc.a(_udivmodsi4.o)
 .text          0x00000000        0x0 c:/program files (x86)/atmel/atmel toolchain/avr8 gcc/native/3.4.1061/avr8-gnu-toolchain/bin/../lib/gcc/avr/4.8.1/avr5\libgcc.a(_exit.o)
 .data          0x00000000        0x0 c:/program files (x86)/atmel/atmel toolchain/avr8 gcc/native/3.4.1061/avr8-gnu-toolchain/bin/../lib/gcc/avr/4.8.1/avr5\libgcc.a(_exit.o)
 .bss           0x00000000        0x0 c:/program files (x86)/atmel/atmel toolchain/avr8 gcc/native/3.4.1061/avr8-gnu-toolchain/bin/../lib/gcc/avr/4.8.1/avr5\libgcc.a(_exit.o)
 .text.libgcc.mul
                0x00000000        0x0 c:/program files (x86)/atmel/atmel toolchain/avr8 gcc/native/3.4.1061/avr8-gnu-toolchain/bin/../lib/gcc/avr/4.8.1/avr5\libgcc.a(_exit.o)
 .text.libgcc.div
                0x00000000        0x0 c:/program files (x86)/atmel/atmel toolchain/avr8 gcc/native/3.4.1061/avr8-gnu-toolchain/bin/../lib/gcc/avr/4.8.1/avr5\libgcc.a(_exit.o)
 .text.libgcc   0x00000000        0x0 c:/program files (x86)/atmel/atmel toolchain/avr8 gcc/native/3.4.1061/avr8-gnu-toolchain/bin/../lib/gcc/avr/4.8.1/avr5\libgcc.a(_exit.o)
 .text.libgcc.prologue
                0x00000000        0x0 c:/program files (x86)/atmel/atmel toolchain/avr8 gcc/native/3.4.1061/avr8-gnu-toolchain/bin/../lib/gcc/avr/4.8.1/avr5\libgcc.a(_exit.o)
 .text.libgcc.builtins
                0x00000000        0x0 c:/program files (x86)/atmel/atmel toolchain/avr8 gcc/native/3.4.1061/avr8-gnu-toolchain/bin/../lib/gcc/avr/4.8.1/avr5\libgcc.a(_exit.o)
 .text.libgcc.fmul
                0x00000000        0x0 c:/program files (x86)/atmel/atmel toolchain/avr8 gcc/native/3.4.1061/avr8-gnu-toolchain/bin/../lib/gcc/avr/4.8.1/avr5\libgcc.a(_exit.o)
 .text.libgcc.fixed
                0x00000000        0x0 c:/program files (x86)/atmel/atmel toolchain/avr8 gcc/native/3.4.1061/avr8-gnu-toolchain/bin/../lib/gcc/avr/4.8.1/avr5\libgcc.a(_exit.o)
 .text          0x00000000        0x0 c:/program files (x86)/atmel/atmel toolchain/avr8 gcc/native/3.4.1061/avr8-gnu-toolchain/bin/../lib/gcc/avr/4.8.1/avr5\libgcc.a(_copy_data.o)
 .data          0x00000000        0x0 c:/program files (x86)/atmel/atmel toolchain/avr8 gcc/native/3.4.1061/avr8-gnu-toolchain/bin/../lib/gcc/avr/4.8.1/avr5\libgcc.a(_copy_data.o)
 .bss           0x00000000        0x0 c:/program files (x86)/atmel/atmel toolchain/avr8 gcc/native/3.4.1061/avr8-gnu-toolchain/bin/../lib/gcc/avr/4.8.1/avr5\libgcc.a(_copy_data.o)
 .text.libgcc.mul
                0x00000000        0x0 c:/program files (x86)/atmel/atmel toolchain/avr8 gcc/native/3.4.1061/avr8-gnu-toolchain/bin/../lib/gcc/avr/4.8.1/avr5\libgcc.a(_copy_data.o)
 .text.libgcc.div
                0x00000000        0x0 c:/program files (x86)/atmel/atmel toolchain/avr8 gcc/native/3.4.1061/avr8-gnu-toolchain/bin/../lib/gcc/avr/4.8.1/avr5\libgcc.a(_copy_data.o)
 .text.libgcc   0x00000000        0x0 c:/program files (x86)/atmel/atmel toolchain/avr8 gcc/native/3.4.1061/avr8-gnu-toolchain/bin/../lib/gcc/avr/4.8.1/avr5\libgcc.a(_copy_data.o)
 .text.libgcc.prologue
                0x00000000        0x0 c:/program files (x86)/atmel/atmel toolchain/avr8 gcc/native/3.4.1061/avr8-gnu-toolchain/bin/../lib/gcc/avr/4.8.1/avr5\libgcc.a(_copy_data.o)
 .text.libgcc.builtins
                0x00000000        0x0 c:/program files (x86)/atmel/atmel toolchain/avr8 gcc/native/3.4.1061/avr8-gnu-toolchain/bin/../lib/gcc/avr/4.8.1/avr5\libgcc.a(_copy_data.o)
 .text.libgcc.fmul
                0x00000000        0x0 c:/program files (x86)/atmel/atmel toolchain/avr8 gcc/native/3.4.1061/avr8-gnu-toolchain/bin/../lib/gcc/avr/4.8.1/avr5\libgcc.a(_copy_data.o)
 .text.libgcc.fixed
                0x00000000        0x0 c:/program files (x86)/atmel/atmel toolchain/avr8 gcc/native/3.4.1061/avr8-gnu-toolchain/bin/../lib/gcc/avr/4.8.1/avr5\libgcc.a(_copy_data.o)
 .text          0x00000000        0x0 c:/program files (x86)/atmel/atmel toolchain/avr8 gcc/native/3.4.1061/avr8-gnu-toolchain/bin/../lib/gcc/avr/4.8.1/avr5\libgcc.a(_clear_bss.o)
 .data          0x00000000        0x0 c:/program files (x86)/atmel/atmel toolchain/avr8 gcc/native/3.4.1061/avr8-gnu-toolchain/bin/../lib/gcc/avr/4.8.1/avr5\libgcc.a(_clear_bss.o)
 .bss           0x00000000        0x0 c:/program files (x86)/atmel/atmel toolchain/avr8 gcc/native/3.4.1061/avr8-gnu-toolchain/bin/../lib/gcc/avr/4.8.1/avr5\libgcc.a(_clear_bss.o)
 .text.libgcc.mul
                0x00000000        0x0 c:/program files (x86)/atmel/atmel toolchain/avr8 gcc/native/3.4.1061/avr8-gnu-toolchain/bin/../lib/gcc/avr/4.8.1/avr5\libgcc.a(_clear_bss.o)
 .text.libgcc.div
                0x00000000        0x0 c:/program files (x86)/atmel/atmel toolchain/avr8 gcc/native/3.4.1061/avr8-gnu-toolchain/bin/../lib/gcc/avr/4.8.1/avr5\libgcc.a(_clear_bss.o)
 .text.libgcc   0x00000000        0x0 c:/program files (x86)/atmel/atmel toolchain/avr8 gcc/native/3.4.1061/avr8-gnu-toolchain/bin/../lib/gcc/avr/4.8.1/avr5\libgcc.a(_clear_bss.o)
 .text.libgcc.prologue
                0x00000000        0x0 c:/program files (x86)/atmel/atmel toolchain/avr8 gcc/native/3.4.1061/avr8-gnu-toolchain/bin/../lib/gcc/avr/4.8.1/avr5\libgcc.a(_clear_bss.o)
 .text.libgcc.builtins
                0x00000000        0x0 c:/program files (x86)/atmel/atmel toolchain/avr8 gcc/native/3.4.1061/avr8-gnu-toolchain/bin/../lib/gcc/avr/4.8.1/avr5\libgcc.a(_clear_bss.o)
 .text.libgcc.fmul
                0x00000000        0x0 c:/program files (x86)/atmel/atmel toolchain/avr8 gcc/native/3.4.1061/avr8-gnu-toolchain/bin/../lib/gcc/avr/4.8.1/avr5\libgcc.a(_clear_bss.o)
 .text.libgcc.fixed
                0x00000000        0x0 c:/program files (x86)/atmel/atmel toolchain/avr8 gcc/native/3.4.1061/avr8-gnu-toolchain/bin/../lib/gcc/avr/4.8.1/avr5\libgcc.a(_clear_bss.o)
 .text          0x00000000        0x0 c:/program files (x86)/atmel/atmel toolchain/avr8 gcc/native/3.4.1061/avr8-gnu-toolchain/bin/../lib/gcc/avr/4.8.1/../../../../avr/lib/avr5\libc.a(memcpy.o)
 .data          0x00000000        0x0 c:/program files (x86)/atmel/atmel toolchain/avr8 gcc/native/3.4.1061/avr8-gnu-toolchain/bin/../lib/gcc/avr/4.8.1/../../../../avr/lib/avr5\libc.a(memcpy.o)
 .bss           0x00000000        0x0 c:/program files (x86)/atmel/atmel toolchain/avr8 gcc/native/3.4.1061/avr8-gnu-toolchain/bin/../lib/gcc/avr/4.8.1/../../../../avr/lib/avr5\libc.a(memcpy.o)
 .text.avr-libc
                0x00000000       0x12 c:/program files (x86)/atmel/atmel toolchain/avr8 gcc/native/3.4.1061/avr8-gnu-toolchain/bin/../lib/gcc/avr/4.8.1/../../../../avr/lib/avr5\libc.a(memcpy.o)

Memory Configuration

Name             Origin             Length             Attributes
text             0x00000000         0x00020000         xr
data             0x00800060         0x0000ffa0         rw !x
eeprom           0x00810000         0x00010000         rw !x
fuse             0x00820000         0x00000400         rw !x
lock             0x00830000         0x00000400         rw !x
signature        0x00840000         0x00000400         rw !x
user_signatures  0x00850000         0x00000400         rw !x
*default*        0x00000000         0xffffffff

Linker script and memory map

Address of section .data set to 0x800200
LOAD c:/program files (x86)/atmel/atmel toolchain/avr8 gcc/native/3.4.1061/avr8-gnu-toolchain/bin/../lib/gcc/avr/4.8.1/../../../../avr/lib/avr5/crtm640.o
LOAD main.o
LOAD Routines/Blinker.o
LOAD RTOS/Source/list.o
LOAD RTOS/Source/Portable/MemMang/heap_1.o
LOAD RTOS/Source/Portable/port.o
LOAD RTOS/Source/queue.o
LOAD RTOS/Source/tasks.o
LOAD RTOS/Source/timers.o
START GROUP
LOAD c:/program files (x86)/atmel/atmel toolchain/avr8 gcc/native/3.4.1061/avr8-gnu-toolchain/bin/../lib/gcc/avr/4.8.1/../../../../avr/lib/avr5\libm.a
END GROUP
START GROUP
LOAD c:/program files (x86)/atmel/atmel toolchain/avr8 gcc/native/3.4.1061/avr8-gnu-toolchain/bin/../lib/gcc/avr/4.8.1/avr5\libgcc.a
LOAD c:/program files (x86)/atmel/atmel toolchain/avr8 gcc/native/3.4.1061/avr8-gnu-toolchain/bin/../lib/gcc/avr/4.8.1/../../../../avr/lib/avr5\libm.a
LOAD c:/program files (x86)/atmel/atmel toolchain/avr8 gcc/native/3.4.1061/avr8-gnu-toolchain/bin/../lib/gcc/avr/4.8.1/../../../../avr/lib/avr5\libc.a
END GROUP

.hash
 *(.hash)

.dynsym
 *(.dynsym)

.dynstr
 *(.dynstr)

.gnu.version
 *(.gnu.version)

.gnu.version_d
 *(.gnu.version_d)

.gnu.version_r
 *(.gnu.version_r)

.rel.init
 *(.rel.init)

.rela.init
 *(.rela.init)

.rel.text
 *(.rel.text)
 *(.rel.text.*)
 *(.rel.gnu.linkonce.t*)

.rela.text
 *(.rela.text)
 *(.rela.text.*)
 *(.rela.gnu.linkonce.t*)

.rel.fini
 *(.rel.fini)

.rela.fini
 *(.rela.fini)

.rel.rodata
 *(.rel.rodata)
 *(.rel.rodata.*)
 *(.rel.gnu.linkonce.r*)

.rela.rodata
 *(.rela.rodata)
 *(.rela.rodata.*)
 *(.rela.gnu.linkonce.r*)

.rel.data
 *(.rel.data)
 *(.rel.data.*)
 *(.rel.gnu.linkonce.d*)

.rela.data
 *(.rela.data)
 *(.rela.data.*)
 *(.rela.gnu.linkonce.d*)

.rel.ctors
 *(.rel.ctors)

.rela.ctors
 *(.rela.ctors)

.rel.dtors
 *(.rel.dtors)

.rela.dtors
 *(.rela.dtors)

.rel.got
 *(.rel.got)

.rela.got
 *(.rela.got)

.rel.bss
 *(.rel.bss)

.rela.bss
 *(.rela.bss)

.rel.plt
 *(.rel.plt)

.rela.plt
 *(.rela.plt)

.text           0x00000000     0x1f66
 *(.vectors)
 .vectors       0x00000000       0xe4 c:/program files (x86)/atmel/atmel toolchain/avr8 gcc/native/3.4.1061/avr8-gnu-toolchain/bin/../lib/gcc/avr/4.8.1/../../../../avr/lib/avr5/crtm640.o
                0x00000000                __vector_default
                0x00000000                __vectors
 *(.vectors)
 *(.progmem.gcc*)
                0x000000e4                . = ALIGN (0x2)
                0x000000e4                __trampolines_start = .
 *(.trampolines)
 .trampolines   0x000000e4        0x0 linker stubs
 *(.trampolines*)
                0x000000e4                __trampolines_end = .
 *(.progmem*)
                0x000000e4                . = ALIGN (0x2)
 *(.jumptables)
 *(.jumptables*)
 *(.lowtext)
 *(.lowtext*)
                0x000000e4                __ctors_start = .
 *(.ctors)
                0x000000e4                __ctors_end = .
                0x000000e4                __dtors_start = .
 *(.dtors)
                0x000000e4                __dtors_end = .
 SORT(*)(.ctors)
 SORT(*)(.dtors)
 *(.init0)
 .init0         0x000000e4        0x0 c:/program files (x86)/atmel/atmel toolchain/avr8 gcc/native/3.4.1061/avr8-gnu-toolchain/bin/../lib/gcc/avr/4.8.1/../../../../avr/lib/avr5/crtm640.o
                0x000000e4                __init
 *(.init0)
 *(.init1)
 *(.init1)
 *(.init2)
 .init2         0x000000e4        0xc c:/program files (x86)/atmel/atmel toolchain/avr8 gcc/native/3.4.1061/avr8-gnu-toolchain/bin/../lib/gcc/avr/4.8.1/../../../../avr/lib/avr5/crtm640.o
 *(.init2)
 *(.init3)
 *(.init3)
 *(.init4)
 .init4         0x000000f0       0x16 c:/program files (x86)/atmel/atmel toolchain/avr8 gcc/native/3.4.1061/avr8-gnu-toolchain/bin/../lib/gcc/avr/4.8.1/avr5\libgcc.a(_copy_data.o)
                0x000000f0                __do_copy_data
 .init4         0x00000106       0x10 c:/program files (x86)/atmel/atmel toolchain/avr8 gcc/native/3.4.1061/avr8-gnu-toolchain/bin/../lib/gcc/avr/4.8.1/avr5\libgcc.a(_clear_bss.o)
                0x00000106                __do_clear_bss
 *(.init4)
 *(.init5)
 *(.init5)
 *(.init6)
 *(.init6)
 *(.init7)
 *(.init7)
 *(.init8)
 *(.init8)
 *(.init9)
 .init9         0x00000116        0x8 c:/program files (x86)/atmel/atmel toolchain/avr8 gcc/native/3.4.1061/avr8-gnu-toolchain/bin/../lib/gcc/avr/4.8.1/../../../../avr/lib/avr5/crtm640.o
 *(.init9)
 *(.text)
 .text          0x0000011e        0x4 c:/program files (x86)/atmel/atmel toolchain/avr8 gcc/native/3.4.1061/avr8-gnu-toolchain/bin/../lib/gcc/avr/4.8.1/../../../../avr/lib/avr5/crtm640.o
                0x0000011e                __vector_38
                0x0000011e                __vector_22
                0x0000011e                __vector_28
                0x0000011e                __vector_1
                0x0000011e                __vector_32
                0x0000011e                __vector_34
                0x0000011e                __vector_24
                0x0000011e                __vector_12
                0x0000011e                __vector_55
                0x0000011e                __vector_46
                0x0000011e                __bad_interrupt
                0x0000011e                __vector_6
                0x0000011e                __vector_31
                0x0000011e                __vector_35
                0x0000011e                __vector_39
                0x0000011e                __vector_3
                0x0000011e                __vector_23
                0x0000011e                __vector_30
                0x0000011e                __vector_45
                0x0000011e                __vector_25
                0x0000011e                __vector_11
                0x0000011e                __vector_54
                0x0000011e                __vector_13
                0x0000011e                __vector_17
                0x0000011e                __vector_19
                0x0000011e                __vector_56
                0x0000011e                __vector_7
                0x0000011e                __vector_49
                0x0000011e                __vector_41
                0x0000011e                __vector_43
                0x0000011e                __vector_27
                0x0000011e                __vector_5
                0x0000011e                __vector_33
                0x0000011e                __vector_47
                0x0000011e                __vector_52
                0x0000011e                __vector_37
                0x0000011e                __vector_4
                0x0000011e                __vector_44
                0x0000011e                __vector_51
                0x0000011e                __vector_2
                0x0000011e                __vector_15
                0x0000011e                __vector_36
                0x0000011e                __vector_29
                0x0000011e                __vector_40
                0x0000011e                __vector_8
                0x0000011e                __vector_26
                0x0000011e                __vector_48
                0x0000011e                __vector_14
                0x0000011e                __vector_53
                0x0000011e                __vector_10
                0x0000011e                __vector_50
                0x0000011e                __vector_16
                0x0000011e                __vector_18
                0x0000011e                __vector_20
                0x0000011e                __vector_42
                0x00000122                . = ALIGN (0x2)
 *(.text.*)
 .text.main     0x00000122       0x1e main.o
                0x00000122                main
 .text.vApplicationIdleHook
                0x00000140        0xe main.o
                0x00000140                vApplicationIdleHook
 .text.vSystemSetup
                0x0000014e      0x102 main.o
                0x0000014e                vSystemSetup
 .text.vBoxEntry
                0x00000250      0x1ae main.o
                0x00000250                vBoxEntry
 .text.__vector_9
                0x000003fe      0x3ac main.o
                0x000003fe                __vector_9
 .text.vApplicationTickHook
                0x000007aa       0x34 main.o
                0x000007aa                vApplicationTickHook
 .text.blinkerSetup
                0x000007de       0x70 Routines/Blinker.o
                0x000007de                blinkerSetup
 .text.vBlinker
                0x0000084e       0x34 Routines/Blinker.o
                0x0000084e                vBlinker
 .text.vListInitialise
                0x00000882       0x70 RTOS/Source/list.o
                0x00000882                vListInitialise
 .text.vListInitialiseItem
                0x000008f2       0x22 RTOS/Source/list.o
                0x000008f2                vListInitialiseItem
 .text.vListInsertEnd
                0x00000914       0x9c RTOS/Source/list.o
                0x00000914                vListInsertEnd
 .text.vListInsert
                0x000009b0      0x10e RTOS/Source/list.o
                0x000009b0                vListInsert
 .text.uxListRemove
                0x00000abe       0xae RTOS/Source/list.o
                0x00000abe                uxListRemove
 .text.pvPortMalloc
                0x00000b6c       0xac RTOS/Source/Portable/MemMang/heap_1.o
                0x00000b6c                pvPortMalloc
 .text.vPortFree
                0x00000c18       0x18 RTOS/Source/Portable/MemMang/heap_1.o
                0x00000c18                vPortFree
 .text.pxPortInitialiseStack
                0x00000c30      0x352 RTOS/Source/Portable/port.o
                0x00000c30                pxPortInitialiseStack
 .text.xPortStartScheduler
                0x00000f82       0x6a RTOS/Source/Portable/port.o
                0x00000f82                xPortStartScheduler
 .text.vPortYield
                0x00000fec       0xb2 RTOS/Source/Portable/port.o
                0x00000fec                vPortYield
 .text.vPortYieldFromTick
                0x0000109e       0xba RTOS/Source/Portable/port.o
                0x0000109e                vPortYieldFromTick
 .text.prvSetupTimerInterrupt
                0x00001158       0x3e RTOS/Source/Portable/port.o
 .text.xTaskGenericCreate
                0x00001196      0x1c6 RTOS/Source/tasks.o
                0x00001196                xTaskGenericCreate
 .text.vTaskDelay
                0x0000135c       0x9a RTOS/Source/tasks.o
                0x0000135c                vTaskDelay
 .text.vTaskStartScheduler
                0x000013f6       0x74 RTOS/Source/tasks.o
                0x000013f6                vTaskStartScheduler
 .text.vTaskSuspendAll
                0x0000146a       0x18 RTOS/Source/tasks.o
                0x0000146a                vTaskSuspendAll
 .text.xTaskResumeAll
                0x00001482      0x116 RTOS/Source/tasks.o
                0x00001482                xTaskResumeAll
 .text.xTaskIncrementTick
                0x00001598      0x242 RTOS/Source/tasks.o
                0x00001598                xTaskIncrementTick
 .text.vTaskSwitchContext
                0x000017da       0xd2 RTOS/Source/tasks.o
                0x000017da                vTaskSwitchContext
 .text.prvIdleTask
                0x000018ac       0x24 RTOS/Source/tasks.o
 .text.prvInitialiseTCBVariables
                0x000018d0      0x128 RTOS/Source/tasks.o
 .text.prvInitialiseTaskLists
                0x000019f8       0x74 RTOS/Source/tasks.o
 .text.prvCheckTasksWaitingTermination
                0x00001a6c       0x80 RTOS/Source/tasks.o
 .text.prvAddCurrentTaskToDelayedList
                0x00001aec       0xd2 RTOS/Source/tasks.o
 .text.prvAllocateTCBAndStack
                0x00001bbe       0x86 RTOS/Source/tasks.o
 .text.prvDeleteTCB
                0x00001c44       0x2e RTOS/Source/tasks.o
 .text.prvResetNextTaskUnblockTime
                0x00001c72       0x72 RTOS/Source/tasks.o
 .text.avr-libc.fplib
                0x00001ce4       0x58 c:/program files (x86)/atmel/atmel toolchain/avr8 gcc/native/3.4.1061/avr8-gnu-toolchain/bin/../lib/gcc/avr/4.8.1/../../../../avr/lib/avr5\libm.a(fixunssfsi.o)
                0x00001ce4                __fixunssfsi
 .text.avr-libc.fplib
                0x00001d3c       0x7a c:/program files (x86)/atmel/atmel toolchain/avr8 gcc/native/3.4.1061/avr8-gnu-toolchain/bin/../lib/gcc/avr/4.8.1/../../../../avr/lib/avr5\libm.a(floatsisf.o)
                0x00001d3c                __floatunsisf
                0x00001d40                __floatsisf
 .text.avr-libc.fplib
                0x00001db6       0x44 c:/program files (x86)/atmel/atmel toolchain/avr8 gcc/native/3.4.1061/avr8-gnu-toolchain/bin/../lib/gcc/avr/4.8.1/../../../../avr/lib/avr5\libm.a(fp_split3.o)
                0x00001db6                __fp_split3
                0x00001dc6                __fp_splitA
 .text.avr-libc.fplib
                0x00001dfa        0xe c:/program files (x86)/atmel/atmel toolchain/avr8 gcc/native/3.4.1061/avr8-gnu-toolchain/bin/../lib/gcc/avr/4.8.1/../../../../avr/lib/avr5\libm.a(fp_zero.o)
                0x00001dfa                __fp_zero
                0x00001dfc                __fp_szero
 .text.avr-libc.fplib
                0x00001e08        0x4 c:/program files (x86)/atmel/atmel toolchain/avr8 gcc/native/3.4.1061/avr8-gnu-toolchain/bin/../lib/gcc/avr/4.8.1/../../../../avr/lib/avr5\libm.a(mulsf3.o)
                0x00001e08                __mulsf3
 .text.avr-libc.fplib
                0x00001e0c       0xc2 c:/program files (x86)/atmel/atmel toolchain/avr8 gcc/native/3.4.1061/avr8-gnu-toolchain/bin/../lib/gcc/avr/4.8.1/../../../../avr/lib/avr5\libm.a(mulsf3x.o)
                0x00001e20                __mulsf3x
                0x00001e24                __mulsf3_pse
 .text.avr-libc.fplib
                0x00001ece        0xc c:/program files (x86)/atmel/atmel toolchain/avr8 gcc/native/3.4.1061/avr8-gnu-toolchain/bin/../lib/gcc/avr/4.8.1/../../../../avr/lib/avr5\libm.a(fp_inf.o)
                0x00001ece                __fp_inf
 .text.avr-libc.fplib
                0x00001eda        0x6 c:/program files (x86)/atmel/atmel toolchain/avr8 gcc/native/3.4.1061/avr8-gnu-toolchain/bin/../lib/gcc/avr/4.8.1/../../../../avr/lib/avr5\libm.a(fp_nan.o)
                0x00001eda                __fp_nan
 .text.avr-libc.fplib
                0x00001ee0        0xe c:/program files (x86)/atmel/atmel toolchain/avr8 gcc/native/3.4.1061/avr8-gnu-toolchain/bin/../lib/gcc/avr/4.8.1/../../../../avr/lib/avr5\libm.a(fp_pscA.o)
                0x00001ee0                __fp_pscA
 .text.avr-libc.fplib
                0x00001eee        0xe c:/program files (x86)/atmel/atmel toolchain/avr8 gcc/native/3.4.1061/avr8-gnu-toolchain/bin/../lib/gcc/avr/4.8.1/../../../../avr/lib/avr5\libm.a(fp_pscB.o)
                0x00001eee                __fp_pscB
 .text.avr-libc.fplib
                0x00001efc       0x22 c:/program files (x86)/atmel/atmel toolchain/avr8 gcc/native/3.4.1061/avr8-gnu-toolchain/bin/../lib/gcc/avr/4.8.1/../../../../avr/lib/avr5\libm.a(fp_round.o)
                0x00001efc                __fp_round
 .text.libgcc.div
                0x00001f1e       0x44 c:/program files (x86)/atmel/atmel toolchain/avr8 gcc/native/3.4.1061/avr8-gnu-toolchain/bin/../lib/gcc/avr/4.8.1/avr5\libgcc.a(_udivmodsi4.o)
                0x00001f1e                __udivmodsi4
                0x00001f62                . = ALIGN (0x2)
 *(.fini9)
 .fini9         0x00001f62        0x0 c:/program files (x86)/atmel/atmel toolchain/avr8 gcc/native/3.4.1061/avr8-gnu-toolchain/bin/../lib/gcc/avr/4.8.1/avr5\libgcc.a(_exit.o)
                0x00001f62                _exit
                0x00001f62                exit
 *(.fini9)
 *(.fini8)
 *(.fini8)
 *(.fini7)
 *(.fini7)
 *(.fini6)
 *(.fini6)
 *(.fini5)
 *(.fini5)
 *(.fini4)
 *(.fini4)
 *(.fini3)
 *(.fini3)
 *(.fini2)
 *(.fini2)
 *(.fini1)
 *(.fini1)
 *(.fini0)
 .fini0         0x00001f62        0x4 c:/program files (x86)/atmel/atmel toolchain/avr8 gcc/native/3.4.1061/avr8-gnu-toolchain/bin/../lib/gcc/avr/4.8.1/avr5\libgcc.a(_exit.o)
 *(.fini0)
                0x00001f66                _etext = .

.isr            0x00001f66        0x6
 .isr           0x00001f66        0x6 RTOS/Source/Portable/port.o
                0x00001f66                __vector_21

.data           0x00800200       0x1e load address 0x00001f6c
                0x00800200                PROVIDE (__data_start, .)
 *(.data)
 *(.data*)
 .data.inSystemBoxesList
                0x00800200        0x9 main.o
                0x00800200                inSystemBoxesList
 .data.systemMemoryAvailable
                0x00800209        0x1 main.o
                0x00800209                systemMemoryAvailable
 .data.blinkerRate
                0x0080020a        0x2 Routines/Blinker.o
                0x0080020a                blinkerRate
 .data.xNextTaskUnblockTime
                0x0080020c        0x4 RTOS/Source/tasks.o
 *(.rodata)
 .rodata        0x00800210        0x4 main.o
 .rodata        0x00800214        0x5 Routines/Blinker.o
 .rodata        0x00800219        0x5 RTOS/Source/tasks.o
 *(.rodata*)
 *(.gnu.linkonce.d*)
                0x0080021e                . = ALIGN (0x2)
                0x0080021e                _edata = .
                0x0080021e                PROVIDE (__data_end, .)

.bss            0x0080021e      0xcc2
                0x0080021e                PROVIDE (__bss_start, .)
 *(.bss)
 *(.bss*)
 .bss.boxDivert
                0x0080021e        0x9 main.o
                0x0080021e                boxDivert
 .bss.boxSlats  0x00800227        0x9 main.o
                0x00800227                boxSlats
 .bss.systemMemory
                0x00800230        0x9 main.o
                0x00800230                systemMemory
 .bss.divertTracker
                0x00800239        0x1 main.o
                0x00800239                divertTracker
 .bss.sysTickCount
                0x0080023a        0x4 main.o
                0x0080023a                sysTickCount
 .bss.BoxDelayList
                0x0080023e       0x24 main.o
                0x0080023e                BoxDelayList
 .bss.dirSwitch
                0x00800262        0x1 main.o
                0x00800262                dirSwitch
 .bss.portchistory
                0x00800263        0x1 main.o
                0x00800263                portchistory
 .bss.ucHeap    0x00800264      0xc00 RTOS/Source/Portable/MemMang/heap_1.o
 .bss.xNextFreeByte
                0x00800e64        0x2 RTOS/Source/Portable/MemMang/heap_1.o
 .bss.pucAlignedHeap.1866
                0x00800e66        0x2 RTOS/Source/Portable/MemMang/heap_1.o
 .bss.pxCurrentTCB
                0x00800e68        0x2 RTOS/Source/tasks.o
                0x00800e68                pxCurrentTCB
 .bss.pxReadyTasksLists
                0x00800e6a       0x2c RTOS/Source/tasks.o
 .bss.xDelayedTaskList1
                0x00800e96        0xb RTOS/Source/tasks.o
 .bss.xDelayedTaskList2
                0x00800ea1        0xb RTOS/Source/tasks.o
 .bss.pxDelayedTaskList
                0x00800eac        0x2 RTOS/Source/tasks.o
 .bss.pxOverflowDelayedTaskList
                0x00800eae        0x2 RTOS/Source/tasks.o
 .bss.xPendingReadyList
                0x00800eb0        0xb RTOS/Source/tasks.o
 .bss.xTasksWaitingTermination
                0x00800ebb        0xb RTOS/Source/tasks.o
 .bss.uxTasksDeleted
                0x00800ec6        0x1 RTOS/Source/tasks.o
 .bss.uxCurrentNumberOfTasks
                0x00800ec7        0x1 RTOS/Source/tasks.o
 .bss.xTickCount
                0x00800ec8        0x4 RTOS/Source/tasks.o
 .bss.uxTopReadyPriority
                0x00800ecc        0x1 RTOS/Source/tasks.o
 .bss.xSchedulerRunning
                0x00800ecd        0x1 RTOS/Source/tasks.o
 .bss.uxPendedTicks
                0x00800ece        0x1 RTOS/Source/tasks.o
 .bss.xYieldPending
                0x00800ecf        0x1 RTOS/Source/tasks.o
 .bss.xNumOfOverflows
                0x00800ed0        0x1 RTOS/Source/tasks.o
 .bss.uxTaskNumber
                0x00800ed1        0x1 RTOS/Source/tasks.o
 .bss.uxSchedulerSuspended
                0x00800ed2        0x1 RTOS/Source/tasks.o
 *(COMMON)
 COMMON         0x00800ed3        0xd main.o
                0x00800ed3                sysBoxLeadEdge
                0x00800ed7                i
                0x00800ed8                flHolder
                0x00800edc                sysBoxTimeLength
                0x00800ee0                PROVIDE (__bss_end, .)
                0x00001f6c                __data_load_start = LOADADDR (.data)
                0x00001f8a                __data_load_end = (__data_load_start + SIZEOF (.data))

.noinit         0x00800ee0        0x0
                0x00800ee0                PROVIDE (__noinit_start, .)
 *(.noinit*)
                0x00800ee0                PROVIDE (__noinit_end, .)
                0x00800ee0                _end = .
                0x00800ee0                PROVIDE (__heap_start, .)

.eeprom         0x00810000        0x0
 *(.eeprom*)
                0x00810000                __eeprom_end = .

.fuse
 *(.fuse)
 *(.lfuse)
 *(.hfuse)
 *(.efuse)

.lock
 *(.lock*)

.signature
 *(.signature*)

.user_signatures
 *(.user_signatures*)

.stab
 *(.stab)

.stabstr
 *(.stabstr)

.stab.excl
 *(.stab.excl)

.stab.exclstr
 *(.stab.exclstr)

.stab.index
 *(.stab.index)

.stab.indexstr
 *(.stab.indexstr)

.comment        0x00000000       0x30
 *(.comment)
 .comment       0x00000000       0x30 main.o
                                 0x31 (size before relaxing)
 .comment       0x00000000       0x31 Routines/Blinker.o
 .comment       0x00000000       0x31 RTOS/Source/list.o
 .comment       0x00000000       0x31 RTOS/Source/Portable/MemMang/heap_1.o
 .comment       0x00000000       0x31 RTOS/Source/Portable/port.o
 .comment       0x00000000       0x31 RTOS/Source/tasks.o

.note.gnu.build-id
 *(.note.gnu.build-id)

.debug
 *(.debug)

.line
 *(.line)

.debug_srcinfo
 *(.debug_srcinfo)

.debug_sfnames
 *(.debug_sfnames)

.debug_aranges  0x00000000      0x270
 *(.debug_aranges)
 .debug_aranges
                0x00000000       0x58 main.o
 .debug_aranges
                0x00000058       0x28 Routines/Blinker.o
 .debug_aranges
                0x00000080       0x40 RTOS/Source/list.o
 .debug_aranges
                0x000000c0       0x38 RTOS/Source/Portable/MemMang/heap_1.o
 .debug_aranges
                0x000000f8       0x50 RTOS/Source/Portable/port.o
 .debug_aranges
                0x00000148      0x128 RTOS/Source/tasks.o

.debug_pubnames
 *(.debug_pubnames)

.debug_info     0x00000000     0x18e7
 *(.debug_info .gnu.linkonce.wi.*)
 .debug_info    0x00000000      0x2db main.o
 .debug_info    0x000002db       0xda Routines/Blinker.o
 .debug_info    0x000003b5      0x2a9 RTOS/Source/list.o
 .debug_info    0x0000065e      0x170 RTOS/Source/Portable/MemMang/heap_1.o
 .debug_info    0x000007ce      0x1a5 RTOS/Source/Portable/port.o
 .debug_info    0x00000973      0xf74 RTOS/Source/tasks.o

.debug_abbrev   0x00000000      0x66d
 *(.debug_abbrev)
 .debug_abbrev  0x00000000      0x14d main.o
 .debug_abbrev  0x0000014d       0x62 Routines/Blinker.o
 .debug_abbrev  0x000001af       0xc0 RTOS/Source/list.o
 .debug_abbrev  0x0000026f       0xf0 RTOS/Source/Portable/MemMang/heap_1.o
 .debug_abbrev  0x0000035f       0xf3 RTOS/Source/Portable/port.o
 .debug_abbrev  0x00000452      0x21b RTOS/Source/tasks.o

.debug_line     0x00000000      0xe75
 *(.debug_line .debug_line.* .debug_line_end)
 .debug_line    0x00000000      0x1d5 main.o
 .debug_line    0x000001d5       0xfc Routines/Blinker.o
 .debug_line    0x000002d1      0x173 RTOS/Source/list.o
 .debug_line    0x00000444      0x193 RTOS/Source/Portable/MemMang/heap_1.o
 .debug_line    0x000005d7      0x1ca RTOS/Source/Portable/port.o
 .debug_line    0x000007a1      0x6d4 RTOS/Source/tasks.o

.debug_frame    0x00000000      0x938
 *(.debug_frame)
 .debug_frame   0x00000000      0x190 main.o
 .debug_frame   0x00000190       0x74 Routines/Blinker.o
 .debug_frame   0x00000204       0xb4 RTOS/Source/list.o
 .debug_frame   0x000002b8       0x94 RTOS/Source/Portable/MemMang/heap_1.o
 .debug_frame   0x0000034c       0xc4 RTOS/Source/Portable/port.o
 .debug_frame   0x00000410      0x528 RTOS/Source/tasks.o

.debug_str      0x00000000      0xd8c
 *(.debug_str)
 .debug_str     0x00000000      0x2b4 main.o
                                0x2f4 (size before relaxing)
 .debug_str     0x000002b4       0x4c Routines/Blinker.o
                                0x1d0 (size before relaxing)
 .debug_str     0x00000300      0x13f RTOS/Source/list.o
                                0x2c3 (size before relaxing)
 .debug_str     0x0000043f       0xab RTOS/Source/Portable/MemMang/heap_1.o
                                0x22f (size before relaxing)
 .debug_str     0x000004ea       0xe2 RTOS/Source/Portable/port.o
                                0x271 (size before relaxing)
 .debug_str     0x000005cc      0x7c0 RTOS/Source/tasks.o
                                0xa83 (size before relaxing)

.debug_loc      0x00000000     0x12ce
 *(.debug_loc)
 .debug_loc     0x00000000      0x336 main.o
 .debug_loc     0x00000336       0xd1 Routines/Blinker.o
 .debug_loc     0x00000407      0x167 RTOS/Source/list.o
 .debug_loc     0x0000056e      0x106 RTOS/Source/Portable/MemMang/heap_1.o
 .debug_loc     0x00000674       0xf8 RTOS/Source/Portable/port.o
 .debug_loc     0x0000076c      0xb62 RTOS/Source/tasks.o

.debug_macinfo
 *(.debug_macinfo)

.debug_weaknames
 *(.debug_weaknames)

.debug_funcnames
 *(.debug_funcnames)

.debug_typenames
 *(.debug_typenames)

.debug_varnames
 *(.debug_varnames)

.debug_pubtypes
 *(.debug_pubtypes)

.debug_ranges   0x00000000      0x228
 *(.debug_ranges)
 .debug_ranges  0x00000000       0x48 main.o
 .debug_ranges  0x00000048       0x18 Routines/Blinker.o
 .debug_ranges  0x00000060       0x30 RTOS/Source/list.o
 .debug_ranges  0x00000090       0x28 RTOS/Source/Portable/MemMang/heap_1.o
 .debug_ranges  0x000000b8       0x40 RTOS/Source/Portable/port.o
 .debug_ranges  0x000000f8      0x130 RTOS/Source/tasks.o

.debug_macro
 *(.debug_macro)
OUTPUT(Atmega640_RTOSa.elf elf32-avr)
LOAD linker stubs
